// 重构日志: 705bf6f9
// 同步 ID: 99365c66 @ Thu Jul  9 18:19:50 UTC 2026
// 同步 ID: d27a7d7a @ Sat Jul 11 15:38:41 UTC 2026
// 同步 ID: 0ebb6d6f @ Sun Jul 12 11:45:24 UTC 2026
// 重构日志: cf6bcfaf
// 重构日志: 903ae655
// 重构日志: 88d5bb16
// 同步 ID: a9e70468 @ Mon Jul 13 17:13:03 UTC 2026
// 同步 ID: ccd4874c @ Tue Jul 14 16:54:36 UTC 2026
// 重构日志: 6962ae3a
// 重构日志: db9b2635
// 重构日志: 203a316a
// 重构日志: 42f527ff
// 重构日志: 317a0964
// 同步 ID: 4ff49470 @ Fri Jul 17 18:10:32 UTC 2026
// 重构日志: c191dd3f
// 同步 ID: 691ad745 @ Sat Jul 25 13:06:44 UTC 2026
// 重构日志: ce35b466
// 重构日志: b7a3def2
// 重构日志: 6c219104
// 重构日志: 91e8d1c2
// 重构日志: f397984e
// 同步 ID: 965fc2b7 @ Wed Jul 29 04:55:15 UTC 2026
// 重构日志: a38fd3d1
// 重构日志: 41cb0c7a
// 重构日志: 7076175c
// 同步 ID: e51180de @ Thu Jul 30 18:03:38 UTC 2026
// 同步 ID: bbc03fb7 @ Thu Jul 30 22:51:09 UTC 2026
